[0726/195548.023:INFO:CONSOLE(7)] "THREE.ColladaLoader: File version 1.4.0", source: file:///C:/Program%20Files/AnyLogic%208.9%20Personal%20Learning%20Edition/plugins/com.anylogic.graphics3d_8.9.9.202606170507/static/init.js (7)
[0726/195548.041:INFO:CONSOLE(13)] "Loaded: file:C:/Users/USER/Desktop/TerbrebieJunction3/TerbrebieJunction3/3d/building_1.dae", source: file:///C:/Program%20Files/AnyLogic%208.9%20Personal%20Learning%20Edition/plugins/com.anylogic.graphics3d_8.9.9.202606170507/static/init.js (13)
[0726/195548.049:INFO:CONSOLE(13)] "Loaded: file:C:/Users/USER/Desktop/TerbrebieJunction3/TerbrebieJunction3/3d/building_1.dae", source: file:///C:/Program%20Files/AnyLogic%208.9%20Personal%20Learning%20Edition/plugins/com.anylogic.graphics3d_8.9.9.202606170507/static/init.js (13)
[0726/195548.173:INFO:CONSOLE(7)] "THREE.ColladaLoader: File version 1.4.0", source: file:///C:/Program%20Files/AnyLogic%208.9%20Personal%20Learning%20Edition/plugins/com.anylogic.graphics3d_8.9.9.202606170507/static/init.js (7)
[0726/195548.190:INFO:CONSOLE(13)] "Loaded: file:C:/Users/USER/Desktop/TerbrebieJunction3/TerbrebieJunction3/3d/store.dae", source: file:///C:/Program%20Files/AnyLogic%208.9%20Personal%20Learning%20Edition/plugins/com.anylogic.graphics3d_8.9.9.202606170507/static/init.js (13)
[0726/195548.199:INFO:CONSOLE(13)] "Loaded: file:C:/Users/USER/Desktop/TerbrebieJunction3/TerbrebieJunction3/3d/store.dae", source: file:///C:/Program%20Files/AnyLogic%208.9%20Personal%20Learning%20Edition/plugins/com.anylogic.graphics3d_8.9.9.202606170507/static/init.js (13)
[0726/195548.220:INFO:CONSOLE(7)] "THREE.ColladaLoader: File version 1.4.0", source: file:///C:/Program%20Files/AnyLogic%208.9%20Personal%20Learning%20Edition/plugins/com.anylogic.graphics3d_8.9.9.202606170507/static/init.js (7)
[0726/195548.231:INFO:CONSOLE(13)] "Loaded: file:C:/Users/USER/Desktop/TerbrebieJunction3/TerbrebieJunction3/3d/building_1_night.dae", source: file:///C:/Program%20Files/AnyLogic%208.9%20Personal%20Learning%20Edition/plugins/com.anylogic.graphics3d_8.9.9.202606170507/static/init.js (13)
[0726/195548.239:INFO:CONSOLE(13)] "Loaded: file:C:/Users/USER/Desktop/TerbrebieJunction3/TerbrebieJunction3/3d/building_1_night.dae", source: file:///C:/Program%20Files/AnyLogic%208.9%20Personal%20Learning%20Edition/plugins/com.anylogic.graphics3d_8.9.9.202606170507/static/init.js (13)
[0726/195548.257:INFO:CONSOLE(7)] "THREE.ColladaLoader: File version 1.4.0", source: file:///C:/Program%20Files/AnyLogic%208.9%20Personal%20Learning%20Edition/plugins/com.anylogic.graphics3d_8.9.9.202606170507/static/init.js (7)
[0726/195548.263:INFO:CONSOLE(13)] "Loaded: file:C:/Users/USER/Desktop/TerbrebieJunction3/TerbrebieJunction3/3d/building_2.dae", source: file:///C:/Program%20Files/AnyLogic%208.9%20Personal%20Learning%20Edition/plugins/com.anylogic.graphics3d_8.9.9.202606170507/static/init.js (13)
[0726/195548.269:INFO:CONSOLE(13)] "Loaded: file:C:/Users/USER/Desktop/TerbrebieJunction3/TerbrebieJunction3/3d/building_2.dae", source: file:///C:/Program%20Files/AnyLogic%208.9%20Personal%20Learning%20Edition/plugins/com.anylogic.graphics3d_8.9.9.202606170507/static/init.js (13)
[0726/195548.285:INFO:CONSOLE(7)] "THREE.ColladaLoader: File version 1.4.0", source: file:///C:/Program%20Files/AnyLogic%208.9%20Personal%20Learning%20Edition/plugins/com.anylogic.graphics3d_8.9.9.202606170507/static/init.js (7)
[0726/195548.290:INFO:CONSOLE(13)] "Loaded: file:C:/Users/USER/Desktop/TerbrebieJunction3/TerbrebieJunction3/3d/tree_1.dae", source: file:///C:/Program%20Files/AnyLogic%208.9%20Personal%20Learning%20Edition/plugins/com.anylogic.graphics3d_8.9.9.202606170507/static/init.js (13)
[0726/195548.296:INFO:CONSOLE(13)] "Loaded: file:C:/Users/USER/Desktop/TerbrebieJunction3/TerbrebieJunction3/3d/tree_1.dae", source: file:///C:/Program%20Files/AnyLogic%208.9%20Personal%20Learning%20Edition/plugins/com.anylogic.graphics3d_8.9.9.202606170507/static/init.js (13)
[0726/195548.310:INFO:CONSOLE(7)] "THREE.ColladaLoader: File version 1.4.0", source: file:///C:/Program%20Files/AnyLogic%208.9%20Personal%20Learning%20Edition/plugins/com.anylogic.graphics3d_8.9.9.202606170507/static/init.js (7)
[0726/195548.310:INFO:CONSOLE(13)] "Loaded: file:C:/Users/USER/Desktop/TerbrebieJunction3/TerbrebieJunction3/3d/house_2.dae", source: file:///C:/Program%20Files/AnyLogic%208.9%20Personal%20Learning%20Edition/plugins/com.anylogic.graphics3d_8.9.9.202606170507/static/init.js (13)
[0726/195548.318:INFO:CONSOLE(13)] "Loaded: file:C:/Users/USER/Desktop/TerbrebieJunction3/TerbrebieJunction3/3d/house_2.dae", source: file:///C:/Program%20Files/AnyLogic%208.9%20Personal%20Learning%20Edition/plugins/com.anylogic.graphics3d_8.9.9.202606170507/static/init.js (13)
[0726/195548.332:INFO:CONSOLE(7)] "THREE.ColladaLoader: File version 1.4.0", source: file:///C:/Program%20Files/AnyLogic%208.9%20Personal%20Learning%20Edition/plugins/com.anylogic.graphics3d_8.9.9.202606170507/static/init.js (7)
[0726/195548.338:INFO:CONSOLE(13)] "Loaded: file:C:/Users/USER/Desktop/TerbrebieJunction3/TerbrebieJunction3/3d/house.dae", source: file:///C:/Program%20Files/AnyLogic%208.9%20Personal%20Learning%20Edition/plugins/com.anylogic.graphics3d_8.9.9.202606170507/static/init.js (13)
[0726/195548.342:INFO:CONSOLE(13)] "Loaded: file:C:/Users/USER/Desktop/TerbrebieJunction3/TerbrebieJunction3/3d/house.dae", source: file:///C:/Program%20Files/AnyLogic%208.9%20Personal%20Learning%20Edition/plugins/com.anylogic.graphics3d_8.9.9.202606170507/static/init.js (13)
[0726/195548.360:INFO:CONSOLE(7)] "THREE.ColladaLoader: File version 1.4.0", source: file:///C:/Program%20Files/AnyLogic%208.9%20Personal%20Learning%20Edition/plugins/com.anylogic.graphics3d_8.9.9.202606170507/static/init.js (7)
[0726/195548.362:INFO:CONSOLE(13)] "Loaded: file:C:/Users/USER/Desktop/TerbrebieJunction3/TerbrebieJunction3/3d/auto_service.dae", source: file:///C:/Program%20Files/AnyLogic%208.9%20Personal%20Learning%20Edition/plugins/com.anylogic.graphics3d_8.9.9.202606170507/static/init.js (13)
[0726/195548.370:INFO:CONSOLE(13)] "Loaded: file:C:/Users/USER/Desktop/TerbrebieJunction3/TerbrebieJunction3/3d/auto_service.dae", source: file:///C:/Program%20Files/AnyLogic%208.9%20Personal%20Learning%20Edition/plugins/com.anylogic.graphics3d_8.9.9.202606170507/static/init.js (13)
[0726/195548.383:INFO:CONSOLE(7)] "THREE.ColladaLoader: File version 1.4.0", source: file:///C:/Program%20Files/AnyLogic%208.9%20Personal%20Learning%20Edition/plugins/com.anylogic.graphics3d_8.9.9.202606170507/static/init.js (7)
[0726/195548.397:INFO:CONSOLE(13)] "Loaded: file:C:/Users/USER/Desktop/TerbrebieJunction3/TerbrebieJunction3/3d/tree_2.dae", source: file:///C:/Program%20Files/AnyLogic%208.9%20Personal%20Learning%20Edition/plugins/com.anylogic.graphics3d_8.9.9.202606170507/static/init.js (13)
[0726/195548.401:INFO:CONSOLE(13)] "Loaded: file:C:/Users/USER/Desktop/TerbrebieJunction3/TerbrebieJunction3/3d/tree_2.dae", source: file:///C:/Program%20Files/AnyLogic%208.9%20Personal%20Learning%20Edition/plugins/com.anylogic.graphics3d_8.9.9.202606170507/static/init.js (13)
[0726/195548.418:INFO:CONSOLE(7)] "THREE.ColladaLoader: File version 1.4.0", source: file:///C:/Program%20Files/AnyLogic%208.9%20Personal%20Learning%20Edition/plugins/com.anylogic.graphics3d_8.9.9.202606170507/static/init.js (7)
[0726/195548.422:INFO:CONSOLE(13)] "Loaded: file:C:/Users/USER/Desktop/TerbrebieJunction3/TerbrebieJunction3/3d/building_3.dae", source: file:///C:/Program%20Files/AnyLogic%208.9%20Personal%20Learning%20Edition/plugins/com.anylogic.graphics3d_8.9.9.202606170507/static/init.js (13)
[0726/195548.429:INFO:CONSOLE(13)] "Loaded: file:C:/Users/USER/Desktop/TerbrebieJunction3/TerbrebieJunction3/3d/building_3.dae", source: file:///C:/Program%20Files/AnyLogic%208.9%20Personal%20Learning%20Edition/plugins/com.anylogic.graphics3d_8.9.9.202606170507/static/init.js (13)
[0726/195630.297:INFO:CONSOLE(13)] "Loaded: file:C:/Users/USER/Desktop/TerbrebieJunction3/TerbrebieJunction3/3d/building_1.dae", source: file:///C:/Program%20Files/AnyLogic%208.9%20Personal%20Learning%20Edition/plugins/com.anylogic.graphics3d_8.9.9.202606170507/static/init.js (13)
[0726/195630.345:INFO:CONSOLE(13)] "Loaded: file:C:/Users/USER/Desktop/TerbrebieJunction3/TerbrebieJunction3/3d/store.dae", source: file:///C:/Program%20Files/AnyLogic%208.9%20Personal%20Learning%20Edition/plugins/com.anylogic.graphics3d_8.9.9.202606170507/static/init.js (13)
[0726/195630.376:INFO:CONSOLE(13)] "Loaded: file:C:/Users/USER/Desktop/TerbrebieJunction3/TerbrebieJunction3/3d/building_1_night.dae", source: file:///C:/Program%20Files/AnyLogic%208.9%20Personal%20Learning%20Edition/plugins/com.anylogic.graphics3d_8.9.9.202606170507/static/init.js (13)
[0726/195630.394:INFO:CONSOLE(13)] "Loaded: file:C:/Users/USER/Desktop/TerbrebieJunction3/TerbrebieJunction3/3d/building_2.dae", source: file:///C:/Program%20Files/AnyLogic%208.9%20Personal%20Learning%20Edition/plugins/com.anylogic.graphics3d_8.9.9.202606170507/static/init.js (13)
[0726/195630.426:INFO:CONSOLE(13)] "Loaded: file:C:/Users/USER/Desktop/TerbrebieJunction3/TerbrebieJunction3/3d/tree_1.dae", source: file:///C:/Program%20Files/AnyLogic%208.9%20Personal%20Learning%20Edition/plugins/com.anylogic.graphics3d_8.9.9.202606170507/static/init.js (13)
[0726/195630.451:INFO:CONSOLE(13)] "Loaded: file:C:/Users/USER/Desktop/TerbrebieJunction3/TerbrebieJunction3/3d/house_2.dae", source: file:///C:/Program%20Files/AnyLogic%208.9%20Personal%20Learning%20Edition/plugins/com.anylogic.graphics3d_8.9.9.202606170507/static/init.js (13)
[0726/195630.475:INFO:CONSOLE(13)] "Loaded: file:C:/Users/USER/Desktop/TerbrebieJunction3/TerbrebieJunction3/3d/house.dae", source: file:///C:/Program%20Files/AnyLogic%208.9%20Personal%20Learning%20Edition/plugins/com.anylogic.graphics3d_8.9.9.202606170507/static/init.js (13)
[0726/195630.491:INFO:CONSOLE(13)] "Loaded: file:C:/Users/USER/Desktop/TerbrebieJunction3/TerbrebieJunction3/3d/auto_service.dae", source: file:///C:/Program%20Files/AnyLogic%208.9%20Personal%20Learning%20Edition/plugins/com.anylogic.graphics3d_8.9.9.202606170507/static/init.js (13)
[0726/195630.521:INFO:CONSOLE(13)] "Loaded: file:C:/Users/USER/Desktop/TerbrebieJunction3/TerbrebieJunction3/3d/tree_2.dae", source: file:///C:/Program%20Files/AnyLogic%208.9%20Personal%20Learning%20Edition/plugins/com.anylogic.graphics3d_8.9.9.202606170507/static/init.js (13)
[0726/195630.574:INFO:CONSOLE(13)] "Loaded: file:C:/Users/USER/Desktop/TerbrebieJunction3/TerbrebieJunction3/3d/building_3.dae", source: file:///C:/Program%20Files/AnyLogic%208.9%20Personal%20Learning%20Edition/plugins/com.anylogic.graphics3d_8.9.9.202606170507/static/init.js (13)
[0726/195630.974:INFO:CONSOLE(7)] "THREE.ColladaLoader: File version 1.4.0", source: file:///C:/Program%20Files/AnyLogic%208.9%20Personal%20Learning%20Edition/plugins/com.anylogic.graphics3d_8.9.9.202606170507/static/init.js (7)
[0726/195631.026:INFO:CONSOLE(13)] "Loaded: file:C:/Users/USER/Desktop/TerbrebieJunction3/TerbrebieJunction3/3d/person.dae", source: file:///C:/Program%20Files/AnyLogic%208.9%20Personal%20Learning%20Edition/plugins/com.anylogic.graphics3d_8.9.9.202606170507/static/init.js (13)
[0726/195631.038:INFO:CONSOLE(13)] "Loaded: file:C:/Users/USER/Desktop/TerbrebieJunction3/TerbrebieJunction3/3d/person.dae", source: file:///C:/Program%20Files/AnyLogic%208.9%20Personal%20Learning%20Edition/plugins/com.anylogic.graphics3d_8.9.9.202606170507/static/init.js (13)
[0726/195631.112:INFO:CONSOLE(7)] "THREE.ColladaLoader: File version 1.4.0", source: file:///C:/Program%20Files/AnyLogic%208.9%20Personal%20Learning%20Edition/plugins/com.anylogic.graphics3d_8.9.9.202606170507/static/init.js (7)
[0726/195631.130:INFO:CONSOLE(13)] "Loaded: file:C:/Users/USER/Desktop/TerbrebieJunction3/TerbrebieJunction3/3d/car.dae", source: file:///C:/Program%20Files/AnyLogic%208.9%20Personal%20Learning%20Edition/plugins/com.anylogic.graphics3d_8.9.9.202606170507/static/init.js (13)
[0726/195631.144:INFO:CONSOLE(13)] "Loaded: file:C:/Users/USER/Desktop/TerbrebieJunction3/TerbrebieJunction3/3d/car.dae", source: file:///C:/Program%20Files/AnyLogic%208.9%20Personal%20Learning%20Edition/plugins/com.anylogic.graphics3d_8.9.9.202606170507/static/init.js (13)
[0726/195631.219:INFO:CONSOLE(7)] "THREE.ColladaLoader: File version 1.4.0", source: file:///C:/Program%20Files/AnyLogic%208.9%20Personal%20Learning%20Edition/plugins/com.anylogic.graphics3d_8.9.9.202606170507/static/init.js (7)
[0726/195631.238:INFO:CONSOLE(13)] "Loaded: file:C:/Users/USER/Desktop/TerbrebieJunction3/TerbrebieJunction3/3d/truck.dae", source: file:///C:/Program%20Files/AnyLogic%208.9%20Personal%20Learning%20Edition/plugins/com.anylogic.graphics3d_8.9.9.202606170507/static/init.js (13)
[0726/195631.252:INFO:CONSOLE(13)] "Loaded: file:C:/Users/USER/Desktop/TerbrebieJunction3/TerbrebieJunction3/3d/truck.dae", source: file:///C:/Program%20Files/AnyLogic%208.9%20Personal%20Learning%20Edition/plugins/com.anylogic.graphics3d_8.9.9.202606170507/static/init.js (13)
[0726/195631.333:INFO:CONSOLE(7)] "THREE.ColladaLoader: File version 1.4.0", source: file:///C:/Program%20Files/AnyLogic%208.9%20Personal%20Learning%20Edition/plugins/com.anylogic.graphics3d_8.9.9.202606170507/static/init.js (7)
[0726/195631.375:INFO:CONSOLE(13)] "Loaded: file:C:/Users/USER/Desktop/TerbrebieJunction3/TerbrebieJunction3/3d/motorcycle.dae", source: file:///C:/Program%20Files/AnyLogic%208.9%20Personal%20Learning%20Edition/plugins/com.anylogic.graphics3d_8.9.9.202606170507/static/init.js (13)
[0726/195631.387:INFO:CONSOLE(13)] "Loaded: file:C:/Users/USER/Desktop/TerbrebieJunction3/TerbrebieJunction3/3d/motorcycle.dae", source: file:///C:/Program%20Files/AnyLogic%208.9%20Personal%20Learning%20Edition/plugins/com.anylogic.graphics3d_8.9.9.202606170507/static/init.js (13)
[0726/195631.451:INFO:CONSOLE(7)] "THREE.ColladaLoader: File version 1.4.0", source: file:///C:/Program%20Files/AnyLogic%208.9%20Personal%20Learning%20Edition/plugins/com.anylogic.graphics3d_8.9.9.202606170507/static/init.js (7)
[0726/195631.532:INFO:CONSOLE(13)] "Loaded: file:C:/Users/USER/Desktop/TerbrebieJunction3/TerbrebieJunction3/3d/rider_position_2.dae", source: file:///C:/Program%20Files/AnyLogic%208.9%20Personal%20Learning%20Edition/plugins/com.anylogic.graphics3d_8.9.9.202606170507/static/init.js (13)
[0726/195631.541:INFO:CONSOLE(13)] "Loaded: file:C:/Users/USER/Desktop/TerbrebieJunction3/TerbrebieJunction3/3d/rider_position_2.dae", source: file:///C:/Program%20Files/AnyLogic%208.9%20Personal%20Learning%20Edition/plugins/com.anylogic.graphics3d_8.9.9.202606170507/static/init.js (13)
[0726/195745.235:ERROR:gpu_init.cc(523)] Passthrough is not supported, GL is disabled, ANGLE is 
