[0726/204619.315:INFO:CONSOLE(7)] "THREE.ColladaLoader: File version 1.4.0", source: file:///C:/Program%20Files/AnyLogic%208.9%20Personal%20Learning%20Edition/plugins/com.anylogic.graphics3d_8.9.9.202606170507/static/init.js (7)
[0726/204619.335:INFO:CONSOLE(13)] "Loaded: file:C:/Users/USER/Desktop/TerbrebieJunction3/TerbrebieJunction3/3d/building_1.dae", source: file:///C:/Program%20Files/AnyLogic%208.9%20Personal%20Learning%20Edition/plugins/com.anylogic.graphics3d_8.9.9.202606170507/static/init.js (13)
[0726/204619.346:INFO:CONSOLE(13)] "Loaded: file:C:/Users/USER/Desktop/TerbrebieJunction3/TerbrebieJunction3/3d/building_1.dae", source: file:///C:/Program%20Files/AnyLogic%208.9%20Personal%20Learning%20Edition/plugins/com.anylogic.graphics3d_8.9.9.202606170507/static/init.js (13)
[0726/204619.510:INFO:CONSOLE(7)] "THREE.ColladaLoader: File version 1.4.0", source: file:///C:/Program%20Files/AnyLogic%208.9%20Personal%20Learning%20Edition/plugins/com.anylogic.graphics3d_8.9.9.202606170507/static/init.js (7)
[0726/204619.522:INFO:CONSOLE(13)] "Loaded: file:C:/Users/USER/Desktop/TerbrebieJunction3/TerbrebieJunction3/3d/store.dae", source: file:///C:/Program%20Files/AnyLogic%208.9%20Personal%20Learning%20Edition/plugins/com.anylogic.graphics3d_8.9.9.202606170507/static/init.js (13)
[0726/204619.531:INFO:CONSOLE(13)] "Loaded: file:C:/Users/USER/Desktop/TerbrebieJunction3/TerbrebieJunction3/3d/store.dae", source: file:///C:/Program%20Files/AnyLogic%208.9%20Personal%20Learning%20Edition/plugins/com.anylogic.graphics3d_8.9.9.202606170507/static/init.js (13)
[0726/204619.552:INFO:CONSOLE(7)] "THREE.ColladaLoader: File version 1.4.0", source: file:///C:/Program%20Files/AnyLogic%208.9%20Personal%20Learning%20Edition/plugins/com.anylogic.graphics3d_8.9.9.202606170507/static/init.js (7)
[0726/204619.561:INFO:CONSOLE(13)] "Loaded: file:C:/Users/USER/Desktop/TerbrebieJunction3/TerbrebieJunction3/3d/building_1_night.dae", source: file:///C:/Program%20Files/AnyLogic%208.9%20Personal%20Learning%20Edition/plugins/com.anylogic.graphics3d_8.9.9.202606170507/static/init.js (13)
[0726/204619.570:INFO:CONSOLE(13)] "Loaded: file:C:/Users/USER/Desktop/TerbrebieJunction3/TerbrebieJunction3/3d/building_1_night.dae", source: file:///C:/Program%20Files/AnyLogic%208.9%20Personal%20Learning%20Edition/plugins/com.anylogic.graphics3d_8.9.9.202606170507/static/init.js (13)
[0726/204619.586:INFO:CONSOLE(7)] "THREE.ColladaLoader: File version 1.4.0", source: file:///C:/Program%20Files/AnyLogic%208.9%20Personal%20Learning%20Edition/plugins/com.anylogic.graphics3d_8.9.9.202606170507/static/init.js (7)
[0726/204619.595:INFO:CONSOLE(13)] "Loaded: file:C:/Users/USER/Desktop/TerbrebieJunction3/TerbrebieJunction3/3d/building_2.dae", source: file:///C:/Program%20Files/AnyLogic%208.9%20Personal%20Learning%20Edition/plugins/com.anylogic.graphics3d_8.9.9.202606170507/static/init.js (13)
[0726/204619.602:INFO:CONSOLE(13)] "Loaded: file:C:/Users/USER/Desktop/TerbrebieJunction3/TerbrebieJunction3/3d/building_2.dae", source: file:///C:/Program%20Files/AnyLogic%208.9%20Personal%20Learning%20Edition/plugins/com.anylogic.graphics3d_8.9.9.202606170507/static/init.js (13)
[0726/204619.618:INFO:CONSOLE(7)] "THREE.ColladaLoader: File version 1.4.0", source: file:///C:/Program%20Files/AnyLogic%208.9%20Personal%20Learning%20Edition/plugins/com.anylogic.graphics3d_8.9.9.202606170507/static/init.js (7)
[0726/204619.622:INFO:CONSOLE(13)] "Loaded: file:C:/Users/USER/Desktop/TerbrebieJunction3/TerbrebieJunction3/3d/tree_1.dae", source: file:///C:/Program%20Files/AnyLogic%208.9%20Personal%20Learning%20Edition/plugins/com.anylogic.graphics3d_8.9.9.202606170507/static/init.js (13)
[0726/204619.627:INFO:CONSOLE(13)] "Loaded: file:C:/Users/USER/Desktop/TerbrebieJunction3/TerbrebieJunction3/3d/tree_1.dae", source: file:///C:/Program%20Files/AnyLogic%208.9%20Personal%20Learning%20Edition/plugins/com.anylogic.graphics3d_8.9.9.202606170507/static/init.js (13)
[0726/204619.644:INFO:CONSOLE(7)] "THREE.ColladaLoader: File version 1.4.0", source: file:///C:/Program%20Files/AnyLogic%208.9%20Personal%20Learning%20Edition/plugins/com.anylogic.graphics3d_8.9.9.202606170507/static/init.js (7)
[0726/204619.644:INFO:CONSOLE(13)] "Loaded: file:C:/Users/USER/Desktop/TerbrebieJunction3/TerbrebieJunction3/3d/house_2.dae", source: file:///C:/Program%20Files/AnyLogic%208.9%20Personal%20Learning%20Edition/plugins/com.anylogic.graphics3d_8.9.9.202606170507/static/init.js (13)
[0726/204619.653:INFO:CONSOLE(13)] "Loaded: file:C:/Users/USER/Desktop/TerbrebieJunction3/TerbrebieJunction3/3d/house_2.dae", source: file:///C:/Program%20Files/AnyLogic%208.9%20Personal%20Learning%20Edition/plugins/com.anylogic.graphics3d_8.9.9.202606170507/static/init.js (13)
[0726/204619.668:INFO:CONSOLE(7)] "THREE.ColladaLoader: File version 1.4.0", source: file:///C:/Program%20Files/AnyLogic%208.9%20Personal%20Learning%20Edition/plugins/com.anylogic.graphics3d_8.9.9.202606170507/static/init.js (7)
[0726/204619.674:INFO:CONSOLE(13)] "Loaded: file:C:/Users/USER/Desktop/TerbrebieJunction3/TerbrebieJunction3/3d/house.dae", source: file:///C:/Program%20Files/AnyLogic%208.9%20Personal%20Learning%20Edition/plugins/com.anylogic.graphics3d_8.9.9.202606170507/static/init.js (13)
[0726/204619.678:INFO:CONSOLE(13)] "Loaded: file:C:/Users/USER/Desktop/TerbrebieJunction3/TerbrebieJunction3/3d/house.dae", source: file:///C:/Program%20Files/AnyLogic%208.9%20Personal%20Learning%20Edition/plugins/com.anylogic.graphics3d_8.9.9.202606170507/static/init.js (13)
[0726/204619.699:INFO:CONSOLE(7)] "THREE.ColladaLoader: File version 1.4.0", source: file:///C:/Program%20Files/AnyLogic%208.9%20Personal%20Learning%20Edition/plugins/com.anylogic.graphics3d_8.9.9.202606170507/static/init.js (7)
[0726/204619.703:INFO:CONSOLE(13)] "Loaded: file:C:/Users/USER/Desktop/TerbrebieJunction3/TerbrebieJunction3/3d/auto_service.dae", source: file:///C:/Program%20Files/AnyLogic%208.9%20Personal%20Learning%20Edition/plugins/com.anylogic.graphics3d_8.9.9.202606170507/static/init.js (13)
[0726/204619.711:INFO:CONSOLE(13)] "Loaded: file:C:/Users/USER/Desktop/TerbrebieJunction3/TerbrebieJunction3/3d/auto_service.dae", source: file:///C:/Program%20Files/AnyLogic%208.9%20Personal%20Learning%20Edition/plugins/com.anylogic.graphics3d_8.9.9.202606170507/static/init.js (13)
[0726/204619.723:INFO:CONSOLE(7)] "THREE.ColladaLoader: File version 1.4.0", source: file:///C:/Program%20Files/AnyLogic%208.9%20Personal%20Learning%20Edition/plugins/com.anylogic.graphics3d_8.9.9.202606170507/static/init.js (7)
[0726/204619.736:INFO:CONSOLE(13)] "Loaded: file:C:/Users/USER/Desktop/TerbrebieJunction3/TerbrebieJunction3/3d/tree_2.dae", source: file:///C:/Program%20Files/AnyLogic%208.9%20Personal%20Learning%20Edition/plugins/com.anylogic.graphics3d_8.9.9.202606170507/static/init.js (13)
[0726/204619.749:INFO:CONSOLE(13)] "Loaded: file:C:/Users/USER/Desktop/TerbrebieJunction3/TerbrebieJunction3/3d/tree_2.dae", source: file:///C:/Program%20Files/AnyLogic%208.9%20Personal%20Learning%20Edition/plugins/com.anylogic.graphics3d_8.9.9.202606170507/static/init.js (13)
[0726/204619.766:INFO:CONSOLE(7)] "THREE.ColladaLoader: File version 1.4.0", source: file:///C:/Program%20Files/AnyLogic%208.9%20Personal%20Learning%20Edition/plugins/com.anylogic.graphics3d_8.9.9.202606170507/static/init.js (7)
[0726/204619.770:INFO:CONSOLE(13)] "Loaded: file:C:/Users/USER/Desktop/TerbrebieJunction3/TerbrebieJunction3/3d/building_3.dae", source: file:///C:/Program%20Files/AnyLogic%208.9%20Personal%20Learning%20Edition/plugins/com.anylogic.graphics3d_8.9.9.202606170507/static/init.js (13)
[0726/204619.776:INFO:CONSOLE(13)] "Loaded: file:C:/Users/USER/Desktop/TerbrebieJunction3/TerbrebieJunction3/3d/building_3.dae", source: file:///C:/Program%20Files/AnyLogic%208.9%20Personal%20Learning%20Edition/plugins/com.anylogic.graphics3d_8.9.9.202606170507/static/init.js (13)
[0726/204711.673:INFO:CONSOLE(13)] "Loaded: file:C:/Users/USER/Desktop/TerbrebieJunction3/TerbrebieJunction3/3d/building_1.dae", source: file:///C:/Program%20Files/AnyLogic%208.9%20Personal%20Learning%20Edition/plugins/com.anylogic.graphics3d_8.9.9.202606170507/static/init.js (13)
[0726/204711.706:INFO:CONSOLE(13)] "Loaded: file:C:/Users/USER/Desktop/TerbrebieJunction3/TerbrebieJunction3/3d/store.dae", source: file:///C:/Program%20Files/AnyLogic%208.9%20Personal%20Learning%20Edition/plugins/com.anylogic.graphics3d_8.9.9.202606170507/static/init.js (13)
[0726/204711.746:INFO:CONSOLE(13)] "Loaded: file:C:/Users/USER/Desktop/TerbrebieJunction3/TerbrebieJunction3/3d/building_1_night.dae", source: file:///C:/Program%20Files/AnyLogic%208.9%20Personal%20Learning%20Edition/plugins/com.anylogic.graphics3d_8.9.9.202606170507/static/init.js (13)
[0726/204711.768:INFO:CONSOLE(13)] "Loaded: file:C:/Users/USER/Desktop/TerbrebieJunction3/TerbrebieJunction3/3d/building_2.dae", source: file:///C:/Program%20Files/AnyLogic%208.9%20Personal%20Learning%20Edition/plugins/com.anylogic.graphics3d_8.9.9.202606170507/static/init.js (13)
[0726/204711.789:INFO:CONSOLE(13)] "Loaded: file:C:/Users/USER/Desktop/TerbrebieJunction3/TerbrebieJunction3/3d/tree_1.dae", source: file:///C:/Program%20Files/AnyLogic%208.9%20Personal%20Learning%20Edition/plugins/com.anylogic.graphics3d_8.9.9.202606170507/static/init.js (13)
[0726/204711.811:INFO:CONSOLE(13)] "Loaded: file:C:/Users/USER/Desktop/TerbrebieJunction3/TerbrebieJunction3/3d/house_2.dae", source: file:///C:/Program%20Files/AnyLogic%208.9%20Personal%20Learning%20Edition/plugins/com.anylogic.graphics3d_8.9.9.202606170507/static/init.js (13)
[0726/204711.834:INFO:CONSOLE(13)] "Loaded: file:C:/Users/USER/Desktop/TerbrebieJunction3/TerbrebieJunction3/3d/house.dae", source: file:///C:/Program%20Files/AnyLogic%208.9%20Personal%20Learning%20Edition/plugins/com.anylogic.graphics3d_8.9.9.202606170507/static/init.js (13)
[0726/204711.855:INFO:CONSOLE(13)] "Loaded: file:C:/Users/USER/Desktop/TerbrebieJunction3/TerbrebieJunction3/3d/auto_service.dae", source: file:///C:/Program%20Files/AnyLogic%208.9%20Personal%20Learning%20Edition/plugins/com.anylogic.graphics3d_8.9.9.202606170507/static/init.js (13)
[0726/204711.876:INFO:CONSOLE(13)] "Loaded: file:C:/Users/USER/Desktop/TerbrebieJunction3/TerbrebieJunction3/3d/tree_2.dae", source: file:///C:/Program%20Files/AnyLogic%208.9%20Personal%20Learning%20Edition/plugins/com.anylogic.graphics3d_8.9.9.202606170507/static/init.js (13)
[0726/204711.925:INFO:CONSOLE(13)] "Loaded: file:C:/Users/USER/Desktop/TerbrebieJunction3/TerbrebieJunction3/3d/building_3.dae", source: file:///C:/Program%20Files/AnyLogic%208.9%20Personal%20Learning%20Edition/plugins/com.anylogic.graphics3d_8.9.9.202606170507/static/init.js (13)
[0726/204712.312:INFO:CONSOLE(7)] "THREE.ColladaLoader: File version 1.4.0", source: file:///C:/Program%20Files/AnyLogic%208.9%20Personal%20Learning%20Edition/plugins/com.anylogic.graphics3d_8.9.9.202606170507/static/init.js (7)
[0726/204712.379:INFO:CONSOLE(13)] "Loaded: file:C:/Users/USER/Desktop/TerbrebieJunction3/TerbrebieJunction3/3d/person.dae", source: file:///C:/Program%20Files/AnyLogic%208.9%20Personal%20Learning%20Edition/plugins/com.anylogic.graphics3d_8.9.9.202606170507/static/init.js (13)
[0726/204712.392:INFO:CONSOLE(13)] "Loaded: file:C:/Users/USER/Desktop/TerbrebieJunction3/TerbrebieJunction3/3d/person.dae", source: file:///C:/Program%20Files/AnyLogic%208.9%20Personal%20Learning%20Edition/plugins/com.anylogic.graphics3d_8.9.9.202606170507/static/init.js (13)
[0726/204712.468:INFO:CONSOLE(7)] "THREE.ColladaLoader: File version 1.4.0", source: file:///C:/Program%20Files/AnyLogic%208.9%20Personal%20Learning%20Edition/plugins/com.anylogic.graphics3d_8.9.9.202606170507/static/init.js (7)
[0726/204712.483:INFO:CONSOLE(13)] "Loaded: file:C:/Users/USER/Desktop/TerbrebieJunction3/TerbrebieJunction3/3d/car.dae", source: file:///C:/Program%20Files/AnyLogic%208.9%20Personal%20Learning%20Edition/plugins/com.anylogic.graphics3d_8.9.9.202606170507/static/init.js (13)
[0726/204712.495:INFO:CONSOLE(13)] "Loaded: file:C:/Users/USER/Desktop/TerbrebieJunction3/TerbrebieJunction3/3d/car.dae", source: file:///C:/Program%20Files/AnyLogic%208.9%20Personal%20Learning%20Edition/plugins/com.anylogic.graphics3d_8.9.9.202606170507/static/init.js (13)
[0726/204712.567:INFO:CONSOLE(7)] "THREE.ColladaLoader: File version 1.4.0", source: file:///C:/Program%20Files/AnyLogic%208.9%20Personal%20Learning%20Edition/plugins/com.anylogic.graphics3d_8.9.9.202606170507/static/init.js (7)
[0726/204712.601:INFO:CONSOLE(13)] "Loaded: file:C:/Users/USER/Desktop/TerbrebieJunction3/TerbrebieJunction3/3d/truck.dae", source: file:///C:/Program%20Files/AnyLogic%208.9%20Personal%20Learning%20Edition/plugins/com.anylogic.graphics3d_8.9.9.202606170507/static/init.js (13)
[0726/204712.617:INFO:CONSOLE(13)] "Loaded: file:C:/Users/USER/Desktop/TerbrebieJunction3/TerbrebieJunction3/3d/truck.dae", source: file:///C:/Program%20Files/AnyLogic%208.9%20Personal%20Learning%20Edition/plugins/com.anylogic.graphics3d_8.9.9.202606170507/static/init.js (13)
[0726/204712.677:INFO:CONSOLE(7)] "THREE.ColladaLoader: File version 1.4.0", source: file:///C:/Program%20Files/AnyLogic%208.9%20Personal%20Learning%20Edition/plugins/com.anylogic.graphics3d_8.9.9.202606170507/static/init.js (7)
[0726/204712.707:INFO:CONSOLE(13)] "Loaded: file:C:/Users/USER/Desktop/TerbrebieJunction3/TerbrebieJunction3/3d/motorcycle.dae", source: file:///C:/Program%20Files/AnyLogic%208.9%20Personal%20Learning%20Edition/plugins/com.anylogic.graphics3d_8.9.9.202606170507/static/init.js (13)
[0726/204712.716:INFO:CONSOLE(13)] "Loaded: file:C:/Users/USER/Desktop/TerbrebieJunction3/TerbrebieJunction3/3d/motorcycle.dae", source: file:///C:/Program%20Files/AnyLogic%208.9%20Personal%20Learning%20Edition/plugins/com.anylogic.graphics3d_8.9.9.202606170507/static/init.js (13)
[0726/204712.779:INFO:CONSOLE(7)] "THREE.ColladaLoader: File version 1.4.0", source: file:///C:/Program%20Files/AnyLogic%208.9%20Personal%20Learning%20Edition/plugins/com.anylogic.graphics3d_8.9.9.202606170507/static/init.js (7)
[0726/204712.846:INFO:CONSOLE(13)] "Loaded: file:C:/Users/USER/Desktop/TerbrebieJunction3/TerbrebieJunction3/3d/rider_position_2.dae", source: file:///C:/Program%20Files/AnyLogic%208.9%20Personal%20Learning%20Edition/plugins/com.anylogic.graphics3d_8.9.9.202606170507/static/init.js (13)
[0726/204712.855:INFO:CONSOLE(13)] "Loaded: file:C:/Users/USER/Desktop/TerbrebieJunction3/TerbrebieJunction3/3d/rider_position_2.dae", source: file:///C:/Program%20Files/AnyLogic%208.9%20Personal%20Learning%20Edition/plugins/com.anylogic.graphics3d_8.9.9.202606170507/static/init.js (13)
[0726/204714.851:INFO:CONSOLE(7)] "THREE.ColladaLoader: File version 1.4.0", source: file:///C:/Program%20Files/AnyLogic%208.9%20Personal%20Learning%20Edition/plugins/com.anylogic.graphics3d_8.9.9.202606170507/static/init.js (7)
[0726/204714.877:INFO:CONSOLE(13)] "Loaded: file:C:/Users/USER/Desktop/teberebie_before/teberebie_before/3d/person.dae", source: file:///C:/Program%20Files/AnyLogic%208.9%20Personal%20Learning%20Edition/plugins/com.anylogic.graphics3d_8.9.9.202606170507/static/init.js (13)
[0726/204714.885:INFO:CONSOLE(13)] "Loaded: file:C:/Users/USER/Desktop/teberebie_before/teberebie_before/3d/person.dae", source: file:///C:/Program%20Files/AnyLogic%208.9%20Personal%20Learning%20Edition/plugins/com.anylogic.graphics3d_8.9.9.202606170507/static/init.js (13)
[0726/204816.906:ERROR:gpu_init.cc(523)] Passthrough is not supported, GL is disabled, ANGLE is 
